// Jest Snapshot v1, https://goo.gl/fbAQLP

exports[`util.getDefaults 1`] = `
Object {
  "baseDir": "picdiff",
  "configFile": "config.js",
  "diffDir": "diff",
  "forceDiff": false,
  "newDir": "new",
  "originalDir": "original",
  "previewHtmlFile": "diff-preview.html",
  "resultsFile": "results.json",
  "stdout": true,
  "verboseOutput": true,
}
`;
